C:/Users/rakhs/STM32CubeIDE/stm32-workspace/Devices/bno055/bno055.c:15:21:bno055_read_u8	40	static
C:/Users/rakhs/STM32CubeIDE/stm32-workspace/Devices/bno055/bno055.c:20:21:bno055_write_u8	32	static
C:/Users/rakhs/STM32CubeIDE/stm32-workspace/Devices/bno055/bno055.c:25:9:bno055_get_chip_id	32	static
C:/Users/rakhs/STM32CubeIDE/stm32-workspace/Devices/bno055/bno055.c:38:9:bno055_wait_for_mode	32	static
C:/Users/rakhs/STM32CubeIDE/stm32-workspace/Devices/bno055/bno055.c:55:14:bno055_set_operation_mode	16	static
C:/Users/rakhs/STM32CubeIDE/stm32-workspace/Devices/bno055/bno055.c:60:14:bno055_set_page	16	static
C:/Users/rakhs/STM32CubeIDE/stm32-workspace/Devices/bno055/bno055.c:65:14:bno055_set_units	16	static
C:/Users/rakhs/STM32CubeIDE/stm32-workspace/Devices/bno055/bno055.c:70:14:bno055_set_power_mode	16	static
C:/Users/rakhs/STM32CubeIDE/stm32-workspace/Devices/bno055/bno055.c:75:14:bno055_init	32	static
C:/Users/rakhs/STM32CubeIDE/stm32-workspace/Devices/bno055/bno055.c:109:9:bno055_read_calib_stat	32	static
C:/Users/rakhs/STM32CubeIDE/stm32-workspace/Devices/bno055/bno055.c:122:15:bno055_read_page	32	static
C:/Users/rakhs/STM32CubeIDE/stm32-workspace/Devices/bno055/bno055.c:135:9:bno055_read_units	32	static
C:/Users/rakhs/STM32CubeIDE/stm32-workspace/Devices/bno055/bno055.c:148:6:bno055_read_euler	56	static
C:/Users/rakhs/STM32CubeIDE/stm32-workspace/Devices/bno055/bno055.c:170:9:bno055_read_sys_status	32	static
C:/Users/rakhs/STM32CubeIDE/stm32-workspace/Devices/bno055/bno055.c:183:9:bno055_read_sys_err	32	static
C:/Users/rakhs/STM32CubeIDE/stm32-workspace/Devices/bno055/bno055.c:196:9:bno055_read_mode	32	static
